********* QUERY **********
SELECT
CURRENT_DATABASE() AS "Current database",
CURRENT_USER,
CURRENT_ROLE,
CURRENT_SCHEMA,
CURRENT_TIMESTAMP
**************************

 Current database | current_user | current_role | current_schema |        current_timestamp         
------------------+--------------+--------------+----------------+----------------------------------
 pgtutorial       | pgtutorial   | pgtutorial   | pgtutorial     | 2025-03-10 19:43:36.372124+05:30
(1 row)

********* QUERY **********
SELECT
products.product_id,
products.product_name,
products.product_price,
products.brand_id,
brands.brand_name
FROM products
LEFT JOIN brands
ON products.brand_id = brands.brand_id
**************************

 product_id |   product_name   | product_price | brand_id | brand_name 
------------+------------------+---------------+----------+------------
          1 | iPhone 14 Pro    |        999.99 |        1 | Apple
          2 | iPhone 15 Pro    |       1199.99 |        1 | Apple
          3 | Galaxy S23 Ultra |       1149.47 |        2 | Samsung
          4 | Oppo Find Flip   |        499.99 |     NULL | NULL
(4 rows)

