********* QUERY **********
SELECT
CURRENT_DATABASE() AS "Current database",
CURRENT_USER,
CURRENT_ROLE,
CURRENT_SCHEMA,
CURRENT_TIMESTAMP
**************************

 Current database | current_user | current_role | current_schema |        current_timestamp         
------------------+--------------+--------------+----------------+----------------------------------
 pgtutorial       | pgtutorial   | pgtutorial   | pgtutorial     | 2025-03-10 12:53:12.172479+05:30
(1 row)

********* QUERY **********
SELECT
*
FROM
brands
**************************

 brand_id | brand_name 
----------+------------
        1 | Apple
        2 | Samsung
        3 | Google
(3 rows)

********* QUERY **********
SELECT
*
FROM
products
**************************

 product_id |   product_name    | product_price 
------------+-------------------+---------------
          1 | iPhone 16 Pro Max |       1649.00
          2 | iPhone 16         |        829.00
          3 | Galaxy S24 Ultra  |       1299.99
          4 | Galaxy S24 FE     |        949.99
          5 | Pixel 9 Pro       |        799.00
          6 | Pixel 8a          |        399.00
          7 | OnePlus 12        |        745.00
          8 | OnePlus Open      |       1514.99
          9 | Galaxy Z Fold 6   |       2019.99
(9 rows)

********* QUERY **********
SELECT
brands.brand_name,
products.product_name,
products.product_price
FROM
brands
INNER JOIN
products
ON
(brands.brand_id = products.brand_id)
**************************

********* QUERY **********
DROP TABLE IF EXISTS products, brands
**************************

DROP TABLE
********* QUERY **********
CREATE TABLE IF NOT EXISTS brands
(
    -- Column constraint
    brand_id INTEGER GENERATED ALWAYS AS IDENTITY CONSTRAINT pk_brands_brand_id PRIMARY KEY,
    brand_name CHARACTER VARYING(255) NOT NULL
)
**************************

CREATE TABLE
********* QUERY **********
INSERT INTO brands
(brand_name)
VALUES
('Apple'),
('Samsung'),
('Google')
RETURNING brand_id, brand_name
**************************

 brand_id | brand_name 
----------+------------
        1 | Apple
        2 | Samsung
        3 | Google
(3 rows)

INSERT 0 3
********* QUERY **********
CREATE TABLE IF NOT EXISTS products
(
    product_id INTEGER GENERATED ALWAYS AS IDENTITY CONSTRAINT pk_products_product_id PRIMARY KEY,
    product_name CHARACTER VARYING(100) NOT NULL,
    product_price DECIMAL(10,2) NOT NULL,
    brand_id INTEGER CONSTRAINT fk_products_brand_id FOREIGN KEY REFERENCES brands (brand_id)
)
**************************

********* QUERY **********
CREATE TABLE IF NOT EXISTS products
(
    product_id INTEGER GENERATED ALWAYS AS IDENTITY CONSTRAINT pk_products_product_id PRIMARY KEY,
    product_name CHARACTER VARYING(100) NOT NULL,
    product_price DECIMAL(10,2) NOT NULL,
    brand_id INTEGER CONSTRAINT fk_products_brand_id FOREIGN KEY (brand_id) REFERENCES brands (brand_id)
)
**************************

********* QUERY **********
CREATE TABLE IF NOT EXISTS products
(
    product_id INTEGER GENERATED ALWAYS AS IDENTITY CONSTRAINT pk_products_product_id PRIMARY KEY,
    product_name CHARACTER VARYING(100) NOT NULL,
    product_price DECIMAL(10,2) NOT NULL,
    brand_id INTEGER CONSTRAINT fk_products_brand_id REFERENCES brands (brand_id)
)
**************************

CREATE TABLE
********* QUERY **********
INSERT INTO products
(product_name, product_price, brand_id)
VALUES
('iPhone 14 Pro', 999.99, 1),
('iPhone 15 Pro', 1199.99, 1),
('Galaxy S23 Ultra', 1149.47, 2),
('Oppo Find Flip', 499.99, NULL),
RETURNING product_id, product_name, product_price, brand_id
**************************

********* QUERY **********
INSERT INTO products
(product_name, product_price, brand_id)
VALUES
('iPhone 14 Pro', 999.99, 1),
('iPhone 15 Pro', 1199.99, 1),
('Galaxy S23 Ultra', 1149.47, 2),
('Oppo Find Flip', 499.99, NULL)
RETURNING product_id, product_name, product_price, brand_id
**************************

 product_id |   product_name   | product_price | brand_id 
------------+------------------+---------------+----------
          1 | iPhone 14 Pro    |        999.99 |        1
          2 | iPhone 15 Pro    |       1199.99 |        1
          3 | Galaxy S23 Ultra |       1149.47 |        2
          4 | Oppo Find Flip   |        499.99 |         
(4 rows)

INSERT 0 4
********* QUERY **********
SELECT
brands.brand_name,
products.product_name,
products.product-price
FROM brands
INNER JOIN products
ON (brands.brand_id = products.brand_id)
**************************

********* QUERY **********
SELECT
brands.brand_name,
products.product_name,
products.product_price
FROM brands
INNER JOIN products
ON (brands.brand_id = products.brand_id)
**************************

 brand_name |   product_name   | product_price 
------------+------------------+---------------
 Apple      | iPhone 14 Pro    |        999.99
 Apple      | iPhone 15 Pro    |       1199.99
 Samsung    | Galaxy S23 Ultra |       1149.47
(3 rows)

********* QUERY **********
SELECT
product_id,
product_name,
product_price,
brand_id
FROM
products
**************************

 product_id |   product_name   | product_price | brand_id 
------------+------------------+---------------+----------
          1 | iPhone 14 Pro    |        999.99 |        1
          2 | iPhone 15 Pro    |       1199.99 |        1
          3 | Galaxy S23 Ultra |       1149.47 |        2
          4 | Oppo Find Flip   |        499.99 |     NULL
(4 rows)

